tarting Backend Test Suite...
Cookie File: C:\Users\rmohi\AppData\Local\Temp/cookie_test_1770811856.txt

[TEST 1] User Login Check
SUCCESS: Found CSRF Token: ba7cf09052...
Login Response Code: 200
Body: {"status":"success","message":"Login successful","data":{"user":{"id":8,"email":"testuser@example.co...
SUCCESS: User Login Passed.

[TEST 2] User Login WITHOUT CSRF
FAILED: Missing CSRF was NOT blocked. Code: 200

[TEST 3] Admin Product Creation Flow
SUCCESS: Admin Logged In.
SUCCESS: Product API correctly blocked request without CSRF (403).
SUCCESS: Found Admin CSRF Token in addproduct.php
SUCCESS: Request with CSRF was NOT blocked by Security (Code: 400).
       (Correctly failed validation due to missing image, proving security passed).
